20:28:36 **** Incremental Build of configuration Debug for project STM32F446RET6 ****
make -j32 all 
arm-none-eabi-gcc "../Core/Src/main.c" -mcpu=cortex-m4 -std=gnu11 -g3 -DDEBUG -DUSE_HAL_DRIVER -DSTM32F446xx -c -I../Core/Inc -I../Drivers/STM32F4xx_HAL_Driver/Inc -I../Drivers/STM32F4xx_HAL_Driver/Inc/Legacy -I../Drivers/CMSIS/Device/ST/STM32F4xx/Include -I../Drivers/CMSIS/Include -O0 -ffunction-sections -fdata-sections -Wall -fstack-usage -fcyclomatic-complexity -MMD -MP -MF"Core/Src/main.d" -MT"Core/Src/main.o" --specs=nano.specs -mfpu=fpv4-sp-d16 -mfloat-abi=hard -mthumb -o "Core/Src/main.o"
arm-none-eabi-gcc -o "STM32F446RET6.elf" @"objects.list"   -mcpu=cortex-m4 -T"C:\Users\Kinesis\Github\stm32-mainboard-test\STM32F446RET6\STM32F446RETX_FLASH.ld" --specs=nosys.specs -Wl,-Map="STM32F446RET6.map" -Wl,--gc-sections -static --specs=nano.specs -mfpu=fpv4-sp-d16 -mfloat-abi=hard -mthumb -Wl,--start-group -lc -lm -Wl,--end-group
Finished building target: STM32F446RET6.elf
 
arm-none-eabi-size  STM32F446RET6.elf 
arm-none-eabi-objdump -h -S STM32F446RET6.elf  > "STM32F446RET6.list"
   text	   data	    bss	    dec	    hex	filename
  15312	     12	   1868	  17192	   4328	STM32F446RET6.elf
Finished building: default.size.stdout
 
Finished building: STM32F446RET6.list
 
20:28:38 **** Incremental Build of configuration Debug for project STM32F446RET6 ****
make -j32 all 
arm-none-eabi-size  STM32F446RET6.elf 
   text	   data	    bss	    dec	    hex	filename
  15312	     12	   1868	  17192	   4328	STM32F446RET6.elf
Finished building: default.size.stdout
 
20:32:48 **** Incremental Build of configuration Debug for project STM32F446RET6 ****
make -j32 all 
arm-none-eabi-size  STM32F446RET6.elf 
   text	   data	    bss	    dec	    hex	filename
  15312	     12	   1868	  17192	   4328	STM32F446RET6.elf
Finished building: default.size.stdout
 
